// Jest Snapshot v1, https://goo.gl/fbAQLP

exports[`renders homepage unchanged 1`] = `
<h1>
  Demo CI/CD
</h1>
`;
